Reading netlist file: "C:\Users\ger_1\OneDrive\Documentos\Verilog\ProySemana2\DivFrec10ms\divfrec10ms\impl\gwsynthesis\divfrec10ms.vg"
Parsing netlist file "C:\Users\ger_1\OneDrive\Documentos\Verilog\ProySemana2\DivFrec10ms\divfrec10ms\impl\gwsynthesis\divfrec10ms.vg" completed
Processing netlist completed
Reading constraint file: "C:\Users\ger_1\OneDrive\Documentos\Verilog\ProySemana2\DivFrec10ms\divfrec10ms\src\divfrec10ms.cst"
Physical Constraint parsed completed
Running placement......
[10%] Placement Phase 0 completed
[20%] Placement Phase 1 completed
[30%] Placement Phase 2 completed
WARN  (TA1132) :  'clk' was determined to be a clock but was not created.
[50%] Placement Phase 3 completed
Running routing......
[60%] Routing Phase 0 completed
[70%] Routing Phase 1 completed
[80%] Routing Phase 2 completed
[90%] Routing Phase 3 completed
Running timing analysis......
[95%] Timing analysis completed
Placement and routing completed
Bitstream generation in progress......
Bitstream generation completed
Running power analysis......
[100%] Power analysis completed
Generate file "C:\Users\ger_1\OneDrive\Documentos\Verilog\ProySemana2\DivFrec10ms\divfrec10ms\impl\pnr\divfrec10ms.power.html" completed
Generate file "C:\Users\ger_1\OneDrive\Documentos\Verilog\ProySemana2\DivFrec10ms\divfrec10ms\impl\pnr\divfrec10ms.pin.html" completed
Generate file "C:\Users\ger_1\OneDrive\Documentos\Verilog\ProySemana2\DivFrec10ms\divfrec10ms\impl\pnr\divfrec10ms.rpt.html" completed
Generate file "C:\Users\ger_1\OneDrive\Documentos\Verilog\ProySemana2\DivFrec10ms\divfrec10ms\impl\pnr\divfrec10ms.rpt.txt" completed
Generate file "C:\Users\ger_1\OneDrive\Documentos\Verilog\ProySemana2\DivFrec10ms\divfrec10ms\impl\pnr\divfrec10ms.tr.html" completed
Thu Oct 16 13:12:35 2025

