Reading netlist file: "C:\Users\ger_1\OneDrive\Documentos\Verilog\ProySemana2\ROM_8a4bits\ROM8a4bits\impl\gwsynthesis\ROM8a4bits.vg"
Parsing netlist file "C:\Users\ger_1\OneDrive\Documentos\Verilog\ProySemana2\ROM_8a4bits\ROM8a4bits\impl\gwsynthesis\ROM8a4bits.vg" completed
Processing netlist completed
Reading constraint file: "C:\Users\ger_1\OneDrive\Documentos\Verilog\ProySemana2\ROM_8a4bits\ROM8a4bits\src\ROM8a4bits.cst"
Physical Constraint parsed completed
Running placement......
[10%] Placement Phase 0 completed
[20%] Placement Phase 1 completed
[30%] Placement Phase 2 completed
[50%] Placement Phase 3 completed
Running routing......
[60%] Routing Phase 0 completed
[70%] Routing Phase 1 completed
[80%] Routing Phase 2 completed
[90%] Routing Phase 3 completed
Running timing analysis......
[95%] Timing analysis completed
Placement and routing completed
Bitstream generation in progress......
Bitstream generation completed
Running power analysis......
[100%] Power analysis completed
Generate file "C:\Users\ger_1\OneDrive\Documentos\Verilog\ProySemana2\ROM_8a4bits\ROM8a4bits\impl\pnr\ROM8a4bits.power.html" completed
Generate file "C:\Users\ger_1\OneDrive\Documentos\Verilog\ProySemana2\ROM_8a4bits\ROM8a4bits\impl\pnr\ROM8a4bits.pin.html" completed
Generate file "C:\Users\ger_1\OneDrive\Documentos\Verilog\ProySemana2\ROM_8a4bits\ROM8a4bits\impl\pnr\ROM8a4bits.rpt.html" completed
Generate file "C:\Users\ger_1\OneDrive\Documentos\Verilog\ProySemana2\ROM_8a4bits\ROM8a4bits\impl\pnr\ROM8a4bits.rpt.txt" completed
Generate file "C:\Users\ger_1\OneDrive\Documentos\Verilog\ProySemana2\ROM_8a4bits\ROM8a4bits\impl\pnr\ROM8a4bits.tr.html" completed
Thu Oct 16 14:45:54 2025

