GowinSynthesis start
Running parser ...
Analyzing Verilog file 'C:\Users\ger_1\OneDrive\Documentos\Verilog\ProySemana2\DivCont\DivContv\src\Contador4bits.v'
Analyzing Verilog file 'C:\Users\ger_1\OneDrive\Documentos\Verilog\ProySemana2\DivCont\DivContv\src\DivFrec01.v'
Analyzing Verilog file 'C:\Users\ger_1\OneDrive\Documentos\Verilog\ProySemana2\DivCont\DivContv\src\top.v'
Undeclared symbol 'clk', assumed default net type 'wire'("C:\Users\ger_1\OneDrive\Documentos\Verilog\ProySemana2\DivCont\DivContv\src\top.v":23)
Compiling module 'top'("C:\Users\ger_1\OneDrive\Documentos\Verilog\ProySemana2\DivCont\DivContv\src\top.v":5)
Compiling module 'clkdiv'("C:\Users\ger_1\OneDrive\Documentos\Verilog\ProySemana2\DivCont\DivContv\src\DivFrec01.v":25)
WARN  (EX3791) : Expression size 29 truncated to fit in target size 28("C:\Users\ger_1\OneDrive\Documentos\Verilog\ProySemana2\DivCont\DivContv\src\DivFrec01.v":42)
Compiling module 'contador4bits'("C:\Users\ger_1\OneDrive\Documentos\Verilog\ProySemana2\DivCont\DivContv\src\Contador4bits.v":13)
WARN  (EX3791) : Expression size 5 truncated to fit in target size 4("C:\Users\ger_1\OneDrive\Documentos\Verilog\ProySemana2\DivCont\DivContv\src\Contador4bits.v":23)
NOTE  (EX0101) : Current top module is "top"
[5%] Running netlist conversion ...
Running device independent optimization ...
[10%] Optimizing Phase 0 completed
[15%] Optimizing Phase 1 completed
[25%] Optimizing Phase 2 completed
Running inference ...
[30%] Inferring Phase 0 completed
[40%] Inferring Phase 1 completed
[50%] Inferring Phase 2 completed
[55%] Inferring Phase 3 completed
Running technical mapping ...
[60%] Tech-Mapping Phase 0 completed
[65%] Tech-Mapping Phase 1 completed
[75%] Tech-Mapping Phase 2 completed
[80%] Tech-Mapping Phase 3 completed
[90%] Tech-Mapping Phase 4 completed
[95%] Generate netlist file "C:\Users\ger_1\OneDrive\Documentos\Verilog\ProySemana2\DivCont\DivContv\impl\gwsynthesis\top.vg" completed
[100%] Generate report file "C:\Users\ger_1\OneDrive\Documentos\Verilog\ProySemana2\DivCont\DivContv\impl\gwsynthesis\top_syn.rpt.html" completed
GowinSynthesis finish
