GowinSynthesis start
Running parser ...
Analyzing Verilog file 'C:\Users\ger_1\OneDrive\Documentos\Verilog\ProySemana2\Contador3bits\cont3bits\src\cont3bits.v'
Compiling module 'cont3bits'("C:\Users\ger_1\OneDrive\Documentos\Verilog\ProySemana2\Contador3bits\cont3bits\src\cont3bits.v":13)
WARN  (EX3791) : Expression size 4 truncated to fit in target size 3("C:\Users\ger_1\OneDrive\Documentos\Verilog\ProySemana2\Contador3bits\cont3bits\src\cont3bits.v":23)
NOTE  (EX0101) : Current top module is "cont3bits"
[5%] Running netlist conversion ...
Running device independent optimization ...
[10%] Optimizing Phase 0 completed
[15%] Optimizing Phase 1 completed
[25%] Optimizing Phase 2 completed
Running inference ...
[30%] Inferring Phase 0 completed
[40%] Inferring Phase 1 completed
[50%] Inferring Phase 2 completed
[55%] Inferring Phase 3 completed
Running technical mapping ...
[60%] Tech-Mapping Phase 0 completed
[65%] Tech-Mapping Phase 1 completed
[75%] Tech-Mapping Phase 2 completed
[80%] Tech-Mapping Phase 3 completed
[90%] Tech-Mapping Phase 4 completed
[95%] Generate netlist file "C:\Users\ger_1\OneDrive\Documentos\Verilog\ProySemana2\Contador3bits\cont3bits\impl\gwsynthesis\cont3bits.vg" completed
[100%] Generate report file "C:\Users\ger_1\OneDrive\Documentos\Verilog\ProySemana2\Contador3bits\cont3bits\impl\gwsynthesis\cont3bits_syn.rpt.html" completed
GowinSynthesis finish
