GowinSynthesis start
Running parser ...
Analyzing Verilog file 'C:\Users\ger_1\OneDrive\Documentos\Verilog\ProySemana2\ContadorUpDown4bit\contUpDown4bit\src\contUpDown4bit.v'
WARN  (EX2664) : Variable 'contador' is used before it is assigned in an always_comb or always @* block, synthesis - simulation differences may occur("C:\Users\ger_1\OneDrive\Documentos\Verilog\ProySemana2\ContadorUpDown4bit\contUpDown4bit\src\contUpDown4bit.v":17)
WARN  (EX2664) : Variable 'contador' is used before it is assigned in an always_comb or always @* block, synthesis - simulation differences may occur("C:\Users\ger_1\OneDrive\Documentos\Verilog\ProySemana2\ContadorUpDown4bit\contUpDown4bit\src\contUpDown4bit.v":21)
Compiling module 'contUpDown'("C:\Users\ger_1\OneDrive\Documentos\Verilog\ProySemana2\ContadorUpDown4bit\contUpDown4bit\src\contUpDown4bit.v":1)
WARN  (EX3791) : Expression size 5 truncated to fit in target size 4("C:\Users\ger_1\OneDrive\Documentos\Verilog\ProySemana2\ContadorUpDown4bit\contUpDown4bit\src\contUpDown4bit.v":17)
WARN  (EX3791) : Expression size 32 truncated to fit in target size 4("C:\Users\ger_1\OneDrive\Documentos\Verilog\ProySemana2\ContadorUpDown4bit\contUpDown4bit\src\contUpDown4bit.v":21)
WARN  (EX2420) : Latch inferred for net 'contador[3]'; We do not recommend the use of latches in FPGA designs, as they may lead to timing problems("C:\Users\ger_1\OneDrive\Documentos\Verilog\ProySemana2\ContadorUpDown4bit\contUpDown4bit\src\contUpDown4bit.v":26)
NOTE  (EX0101) : Current top module is "contUpDown"
[5%] Running netlist conversion ...
Running device independent optimization ...
[10%] Optimizing Phase 0 completed
[15%] Optimizing Phase 1 completed
[25%] Optimizing Phase 2 completed
Running inference ...
[30%] Inferring Phase 0 completed
[40%] Inferring Phase 1 completed
[50%] Inferring Phase 2 completed
[55%] Inferring Phase 3 completed
Running technical mapping ...
[60%] Tech-Mapping Phase 0 completed
[65%] Tech-Mapping Phase 1 completed
WARN  (DI0003) : Latch inferred for net 'contador[2]';We do not recommend the use of latches in FPGA designs, as they may lead to timing problems("C:\Users\ger_1\OneDrive\Documentos\Verilog\ProySemana2\ContadorUpDown4bit\contUpDown4bit\src\contUpDown4bit.v":26)
WARN  (DI0003) : Latch inferred for net 'contador[1]';We do not recommend the use of latches in FPGA designs, as they may lead to timing problems("C:\Users\ger_1\OneDrive\Documentos\Verilog\ProySemana2\ContadorUpDown4bit\contUpDown4bit\src\contUpDown4bit.v":26)
WARN  (DI0003) : Latch inferred for net 'contador[0]';We do not recommend the use of latches in FPGA designs, as they may lead to timing problems("C:\Users\ger_1\OneDrive\Documentos\Verilog\ProySemana2\ContadorUpDown4bit\contUpDown4bit\src\contUpDown4bit.v":26)
WARN  (DI0003) : Latch inferred for net 'contador[3]';We do not recommend the use of latches in FPGA designs, as they may lead to timing problems("C:\Users\ger_1\OneDrive\Documentos\Verilog\ProySemana2\ContadorUpDown4bit\contUpDown4bit\src\contUpDown4bit.v":26)
[75%] Tech-Mapping Phase 2 completed
[80%] Tech-Mapping Phase 3 completed
[90%] Tech-Mapping Phase 4 completed
[95%] Generate netlist file "C:\Users\ger_1\OneDrive\Documentos\Verilog\ProySemana2\ContadorUpDown4bit\contUpDown4bit\impl\gwsynthesis\contUpDown4bit.vg" completed
[100%] Generate report file "C:\Users\ger_1\OneDrive\Documentos\Verilog\ProySemana2\ContadorUpDown4bit\contUpDown4bit\impl\gwsynthesis\contUpDown4bit_syn.rpt.html" completed
GowinSynthesis finish
