Reading netlist file: "C:\Users\ger_1\OneDrive\Documentos\Verilog\ProySemana2\DivFrec800veces\divfrec800veces\impl\gwsynthesis\divfrec800veces.vg"
Parsing netlist file "C:\Users\ger_1\OneDrive\Documentos\Verilog\ProySemana2\DivFrec800veces\divfrec800veces\impl\gwsynthesis\divfrec800veces.vg" completed
Processing netlist completed
Reading constraint file: "C:\Users\ger_1\OneDrive\Documentos\Verilog\ProySemana2\DivFrec800veces\divfrec800veces\src\divfrec800veces.cst"
Physical Constraint parsed completed
Running placement......
[10%] Placement Phase 0 completed
[20%] Placement Phase 1 completed
[30%] Placement Phase 2 completed
WARN  (TA1132) :  'clk' was determined to be a clock but was not created.
[50%] Placement Phase 3 completed
Running routing......
[60%] Routing Phase 0 completed
[70%] Routing Phase 1 completed
[80%] Routing Phase 2 completed
[90%] Routing Phase 3 completed
Running timing analysis......
[95%] Timing analysis completed
Placement and routing completed
Bitstream generation in progress......
Bitstream generation completed
Running power analysis......
[100%] Power analysis completed
Generate file "C:\Users\ger_1\OneDrive\Documentos\Verilog\ProySemana2\DivFrec800veces\divfrec800veces\impl\pnr\divfrec800veces.power.html" completed
Generate file "C:\Users\ger_1\OneDrive\Documentos\Verilog\ProySemana2\DivFrec800veces\divfrec800veces\impl\pnr\divfrec800veces.pin.html" completed
Generate file "C:\Users\ger_1\OneDrive\Documentos\Verilog\ProySemana2\DivFrec800veces\divfrec800veces\impl\pnr\divfrec800veces.rpt.html" completed
Generate file "C:\Users\ger_1\OneDrive\Documentos\Verilog\ProySemana2\DivFrec800veces\divfrec800veces\impl\pnr\divfrec800veces.rpt.txt" completed
Generate file "C:\Users\ger_1\OneDrive\Documentos\Verilog\ProySemana2\DivFrec800veces\divfrec800veces\impl\pnr\divfrec800veces.tr.html" completed
Thu Oct 16 14:36:14 2025

