Reading netlist file: "C:\Users\ger_1\OneDrive\Documentos\Verilog\ProySemana2\ROM_256a8bits\rom256a8bits\impl\gwsynthesis\rom256a8bits.vg"
Parsing netlist file "C:\Users\ger_1\OneDrive\Documentos\Verilog\ProySemana2\ROM_256a8bits\rom256a8bits\impl\gwsynthesis\rom256a8bits.vg" completed
Processing netlist completed
Reading constraint file: "C:\Users\ger_1\OneDrive\Documentos\Verilog\ProySemana2\ROM_256a8bits\rom256a8bits\src\rom256a8bits.cst"
Physical Constraint parsed completed
Running placement......
[10%] Placement Phase 0 completed
[20%] Placement Phase 1 completed
[30%] Placement Phase 2 completed
[50%] Placement Phase 3 completed
Running routing......
[60%] Routing Phase 0 completed
[70%] Routing Phase 1 completed
[80%] Routing Phase 2 completed
[90%] Routing Phase 3 completed
Running timing analysis......
[95%] Timing analysis completed
Placement and routing completed
Bitstream generation in progress......
Bitstream generation completed
Running power analysis......
[100%] Power analysis completed
Generate file "C:\Users\ger_1\OneDrive\Documentos\Verilog\ProySemana2\ROM_256a8bits\rom256a8bits\impl\pnr\rom256a8bits.power.html" completed
Generate file "C:\Users\ger_1\OneDrive\Documentos\Verilog\ProySemana2\ROM_256a8bits\rom256a8bits\impl\pnr\rom256a8bits.pin.html" completed
Generate file "C:\Users\ger_1\OneDrive\Documentos\Verilog\ProySemana2\ROM_256a8bits\rom256a8bits\impl\pnr\rom256a8bits.rpt.html" completed
Generate file "C:\Users\ger_1\OneDrive\Documentos\Verilog\ProySemana2\ROM_256a8bits\rom256a8bits\impl\pnr\rom256a8bits.rpt.txt" completed
Generate file "C:\Users\ger_1\OneDrive\Documentos\Verilog\ProySemana2\ROM_256a8bits\rom256a8bits\impl\pnr\rom256a8bits.tr.html" completed
Mon May 18 17:37:39 2026

