Reading netlist file: "D:\Person\Ger_per\Embebidos\FPGA-CPLD\GOWIN\ArqComp\DivFrec01\DivFrec01\Documents\Contador4bits\impl\gwsynthesis\Contador4bits.vg"
Parsing netlist file "D:\Person\Ger_per\Embebidos\FPGA-CPLD\GOWIN\ArqComp\DivFrec01\DivFrec01\Documents\Contador4bits\impl\gwsynthesis\Contador4bits.vg" completed
Processing netlist completed
Reading constraint file: "D:\Person\Ger_per\Embebidos\FPGA-CPLD\GOWIN\ArqComp\DivFrec01\DivFrec01\Documents\Contador4bits\src\Contador4bits.cst"
Physical Constraint parsed completed
Running placement......
[10%] Placement Phase 0 completed
[20%] Placement Phase 1 completed
[30%] Placement Phase 2 completed
WARN  (TA1132) :  'clk' was determined to be a clock but was not created.
[50%] Placement Phase 3 completed
Running routing......
[60%] Routing Phase 0 completed
[70%] Routing Phase 1 completed
[80%] Routing Phase 2 completed
WARN  (PR1014) : Generic routing resource will be used to clock signal 'clk_d' by the specified constraint. And then it may lead to the excessive delay or skew
[90%] Routing Phase 3 completed
Running timing analysis......
[95%] Timing analysis completed
Placement and routing completed
Bitstream generation in progress......
Bitstream generation completed
Running power analysis......
[100%] Power analysis completed
Generate file "D:\Person\Ger_per\Embebidos\FPGA-CPLD\GOWIN\ArqComp\DivFrec01\DivFrec01\Documents\Contador4bits\impl\pnr\Contador4bits.power.html" completed
Generate file "D:\Person\Ger_per\Embebidos\FPGA-CPLD\GOWIN\ArqComp\DivFrec01\DivFrec01\Documents\Contador4bits\impl\pnr\Contador4bits.pin.html" completed
Generate file "D:\Person\Ger_per\Embebidos\FPGA-CPLD\GOWIN\ArqComp\DivFrec01\DivFrec01\Documents\Contador4bits\impl\pnr\Contador4bits.rpt.html" completed
Generate file "D:\Person\Ger_per\Embebidos\FPGA-CPLD\GOWIN\ArqComp\DivFrec01\DivFrec01\Documents\Contador4bits\impl\pnr\Contador4bits.rpt.txt" completed
Generate file "D:\Person\Ger_per\Embebidos\FPGA-CPLD\GOWIN\ArqComp\DivFrec01\DivFrec01\Documents\Contador4bits\impl\pnr\Contador4bits.tr.html" completed
Mon Sep  8 16:14:35 2025

