GowinSynthesis start
Running parser ...
Analyzing Verilog file 'D:\Person\Ger_per\Embebidos\FPGA-CPLD\GOWIN\ArqComp\DivFrec01\DivFrec01\Documents\Contador4bits\src\Contador4bits.v'
Compiling module 'contador4bits'("D:\Person\Ger_per\Embebidos\FPGA-CPLD\GOWIN\ArqComp\DivFrec01\DivFrec01\Documents\Contador4bits\src\Contador4bits.v":16)
WARN  (EX3791) : Expression size 5 truncated to fit in target size 4("D:\Person\Ger_per\Embebidos\FPGA-CPLD\GOWIN\ArqComp\DivFrec01\DivFrec01\Documents\Contador4bits\src\Contador4bits.v":26)
NOTE  (EX0101) : Current top module is "contador4bits"
[5%] Running netlist conversion ...
Running device independent optimization ...
[10%] Optimizing Phase 0 completed
[15%] Optimizing Phase 1 completed
[25%] Optimizing Phase 2 completed
Running inference ...
[30%] Inferring Phase 0 completed
[40%] Inferring Phase 1 completed
[50%] Inferring Phase 2 completed
[55%] Inferring Phase 3 completed
Running technical mapping ...
[60%] Tech-Mapping Phase 0 completed
[65%] Tech-Mapping Phase 1 completed
[75%] Tech-Mapping Phase 2 completed
[80%] Tech-Mapping Phase 3 completed
[90%] Tech-Mapping Phase 4 completed
[95%] Generate netlist file "D:\Person\Ger_per\Embebidos\FPGA-CPLD\GOWIN\ArqComp\DivFrec01\DivFrec01\Documents\Contador4bits\impl\gwsynthesis\Contador4bits.vg" completed
[100%] Generate report file "D:\Person\Ger_per\Embebidos\FPGA-CPLD\GOWIN\ArqComp\DivFrec01\DivFrec01\Documents\Contador4bits\impl\gwsynthesis\Contador4bits_syn.rpt.html" completed
GowinSynthesis finish
