Reading netlist file: "C:\Users\ger_1\OneDrive\Documentos\Verilog\ProySemana2\CorrimientoDivFrec\corrimDivFrec\impl\gwsynthesis\corrimDivFrec.vg"
Parsing netlist file "C:\Users\ger_1\OneDrive\Documentos\Verilog\ProySemana2\CorrimientoDivFrec\corrimDivFrec\impl\gwsynthesis\corrimDivFrec.vg" completed
Processing netlist completed
Reading constraint file: "C:\Users\ger_1\OneDrive\Documentos\Verilog\ProySemana2\CorrimientoDivFrec\corrimDivFrec\src\corrimDivFrec.cst"
Physical Constraint parsed completed
Running placement......
[10%] Placement Phase 0 completed
[20%] Placement Phase 1 completed
[30%] Placement Phase 2 completed
WARN  (TA1132) :  'reloj' was determined to be a clock but was not created.
WARN  (TA1132) :  'clksal_d' was determined to be a clock but was not created.
[50%] Placement Phase 3 completed
Running routing......
[60%] Routing Phase 0 completed
[70%] Routing Phase 1 completed
[80%] Routing Phase 2 completed
[90%] Routing Phase 3 completed
Running timing analysis......
[95%] Timing analysis completed
Placement and routing completed
Bitstream generation in progress......
Bitstream generation completed
Running power analysis......
[100%] Power analysis completed
Generate file "C:\Users\ger_1\OneDrive\Documentos\Verilog\ProySemana2\CorrimientoDivFrec\corrimDivFrec\impl\pnr\corrimDivFrec.power.html" completed
Generate file "C:\Users\ger_1\OneDrive\Documentos\Verilog\ProySemana2\CorrimientoDivFrec\corrimDivFrec\impl\pnr\corrimDivFrec.pin.html" completed
Generate file "C:\Users\ger_1\OneDrive\Documentos\Verilog\ProySemana2\CorrimientoDivFrec\corrimDivFrec\impl\pnr\corrimDivFrec.rpt.html" completed
Generate file "C:\Users\ger_1\OneDrive\Documentos\Verilog\ProySemana2\CorrimientoDivFrec\corrimDivFrec\impl\pnr\corrimDivFrec.rpt.txt" completed
Generate file "C:\Users\ger_1\OneDrive\Documentos\Verilog\ProySemana2\CorrimientoDivFrec\corrimDivFrec\impl\pnr\corrimDivFrec.tr.html" completed
Mon Oct  6 09:47:25 2025

