GowinSynthesis start
Running parser ...
Analyzing Verilog file 'C:\Users\ger_1\OneDrive\Documentos\Verilog\ProySemana2\DivFrec01\src\DivFrec01.v'
Compiling module 'clkdiv'("C:\Users\ger_1\OneDrive\Documentos\Verilog\ProySemana2\DivFrec01\src\DivFrec01.v":25)
WARN  (EX3791) : Expression size 29 truncated to fit in target size 28("C:\Users\ger_1\OneDrive\Documentos\Verilog\ProySemana2\DivFrec01\src\DivFrec01.v":41)
NOTE  (EX0101) : Current top module is "clkdiv"
[5%] Running netlist conversion ...
Running device independent optimization ...
[10%] Optimizing Phase 0 completed
[15%] Optimizing Phase 1 completed
[25%] Optimizing Phase 2 completed
Running inference ...
[30%] Inferring Phase 0 completed
[40%] Inferring Phase 1 completed
[50%] Inferring Phase 2 completed
[55%] Inferring Phase 3 completed
Running technical mapping ...
[60%] Tech-Mapping Phase 0 completed
[65%] Tech-Mapping Phase 1 completed
[75%] Tech-Mapping Phase 2 completed
[80%] Tech-Mapping Phase 3 completed
[90%] Tech-Mapping Phase 4 completed
[95%] Generate netlist file "C:\Users\ger_1\OneDrive\Documentos\Verilog\ProySemana2\DivFrec01\impl\gwsynthesis\DivFrec01.vg" completed
[100%] Generate report file "C:\Users\ger_1\OneDrive\Documentos\Verilog\ProySemana2\DivFrec01\impl\gwsynthesis\DivFrec01_syn.rpt.html" completed
GowinSynthesis finish
